> ### Programs to make the sensitivity plots (Figures 6.2 and 6.3) in Chapter 6 
> 
> # Load data set (memory-08.txt)
> data = read.table("Chap6_Memory.txt", na.strings=".")
> colnames(data) = c("X", "R", "Y", "M", "XM")
> 
> # Specify the mediation model
> library(lavaan)
> library(boot)
> model = ' # direct effect
+              Y ~ c*X
+           # mediator equation
+              M ~ a*X
+           # oucome equation
+              Y ~ b*M
+           # indirect effect (a*b)
+              ab := a*b
+           # total effect
+              total := c + (a*b)
+          '
> fit = sem(model, data = data, 
+           se = "bootstrap",
+           bootstrap = 1000)
> 
> summary(fit)
lavaan 0.6-19 ended normally after 1 iteration

  Estimator                                         ML
  Optimization method                           NLMINB
  Number of model parameters                         5

  Number of observations                            43

Model Test User Model:
                                                      
  Test statistic                                 0.000
  Degrees of freedom                                 0

Parameter Estimates:

  Standard errors                            Bootstrap
  Number of requested bootstrap draws             1000
  Number of successful bootstrap draws            1000

Regressions:
                   Estimate  Std.Err  z-value  P(>|z|)
  Y ~                                                 
    X          (c)    0.524    1.268    0.413    0.680
  M ~                                                 
    X          (a)    3.511    0.622    5.645    0.000
  Y ~                                                 
    M          (b)    0.637    0.232    2.746    0.006

Variances:
                   Estimate  Std.Err  z-value  P(>|z|)
   .Y                 9.964    1.939    5.140    0.000
   .M                 5.044    0.883    5.711    0.000

Defined Parameters:
                   Estimate  Std.Err  z-value  P(>|z|)
    ab                2.235    0.800    2.794    0.005
    total             2.759    1.060    2.603    0.009

> 
> ### Figure 6.2 
> # Sensitivity plot for confounding of the mediated effect in the memory study 
> # as a function of the correlation between the confounder and M and the 
> # confounder and Y. 
> 
> # Left out variables error (L.O.V.E) method applied to the memory study
> 
> # X = Independent variable
> # M = Mediator
> # Y = Outcome variable
> # U = Potential confounder
> 
> # Input observed correlations:
> # RYX is the observed correlation between Y and X
> RYX = 0.33718
> # RMX is the observed correlation between M and X
> RMX = 0.62300
> # RYM is the observed correlation between Y and M
> RYM = 0.49759
> 
> # Define sequences for the unobserved correlations RUM, RUY, and RUX
> # RUM is the unobserved correlation between U and M; 
> RUM = seq(0,1,.001)
> # RUY is the unobserved correlation between U and Y; 
> RUY = seq(0,1,.001)
> # RUX is the unobserved correlation between U and X; 
> RUX = 0
> 
> # Create a data frame with all combinations of RUM and RUY
> results = expand.grid(RUM = RUM, RUY = RUY)
> 
> # Add the RUX column with the same value repeated in all rows
> results$RUX = RUX 
> results$RYX = RYX
> results$RMX = RMX 
> results$RYM = RYM
> 
> # Calculate true values of a, b, cpr that account for the influence of a 
> # potential confounder U
> results$CPR = (results$RYX * (1 - results$RUM^2) + 
+                  results$RYM * (results$RUX * results$RUM - results$RMX) + 
+                  results$RUY * (results$RUX * results$RUM - results$RUX)) / 
+   (1 + 2 * (results$RMX * results$RUM * results$RUX) - 
+      results$RUX^2 - results$RUM^2 - results$RMX^2)
> results$B = (results$RYM * (1 - results$RUX^2) + 
+                results$RYX * (results$RUM * results$RUX - results$RMX) + 
+                results$RUY * (results$RMX * results$RUX - results$RUM)) / 
+   (1 + 2 * (results$RMX * results$RUX * results$RUM) - 
+      results$RUM^2 - results$RUX^2 - results$RMX^2)
> results$A = (results$RMX - results$RUM * results$RUX) / (1 - results$RUX^2)
> 
> # Calculate observed values of a, b, cpr that omits the influence of a 
> # potential confounder U
> results$CPRBIASED = (results$RYX - results$RYM * results$RMX) / 
+   (1 - results$RMX^2)
> results$BBIASED = (results$RYM - results$RYX * results$RMX) / 
+   (1 - results$RMX^2)
> results$ABIASED = results$RMX
> 
> # Calculate bias of each coefficient, a is unbiased because RUX=0
> results$BIASCPR = results$CPRBIASED - results$CPR
> results$BIASB  = results$BBIASED - results$B
> results$BIASA  = results$ABIASED - results$A
> 
> # Calculate standardized true mediated effect (TRUEAB), standardized biased 
> # mediated effect (BIASEDAB), and the bias of the mediated effect (BIASAB)
> results$TRUEAB = results$A * results$B 
> results$BIASEDAB  = results$ABIASED  * results$BBIASED 
> results$BIASAB  = results$BIASEDAB  - results$TRUEAB 
> results$RTRUEAB  = round(results$TRUEAB, 2)
> 
> # Filter the data where RTRUEAB equals zero
> forzero = subset(results, RTRUEAB == 0)
> 
> # L.O.V.E. plot, X-axis = RUY, Y-axis = RUM, for the subset where RTRUEAB 
> # equals zero using ggplot2
> library(ggplot2)
> 
> ## Registering fonts with R
> ggplot(forzero, aes(x = RUY, y = RUM)) +
+   geom_point(size = 2) +
+   scale_x_continuous(limits = c(0, 1), breaks = seq(0, 1, by = 0.2)) +
+   scale_y_continuous(limits = c(0, 1), breaks = seq(0, 1, by = 0.2)) +
+   labs(x = "RUY", y = "RUM")+
+   theme_classic()
> 
> ### Figure 6.3 
> # Sensitivity plot in terms of rho (p), the correlation between the residuals 
> # in M and the residuals and Y from Imai, Keele, & Tingley (2010).
> 
> # Specify the mediator (med.m) and outcome models (med.y)
> med.m = lm(M ~ X, data = data)
> med.y = lm(Y ~ X + M, data = data)
> 
> # Specify X as a categorical variable
> attach(data)
> X=as.character(X)
> 
> # Load mediation R package
> library(mediation)
Loading required package: MASS
Loading required package: Matrix
Loading required package: mvtnorm
Loading required package: sandwich
mediation: Causal Mediation Analysis
Version: 4.5.1

> 
> # Set a seed that will allow to replicate the results.
> set.seed(02052024)
> 
> # Conduct mediation analysis, specifying the mediator and the outcome models
> med.out = mediate(med.m, med.y, 
+                   sims = 2000, 
+                   treat = "X", 
+                   mediator = "M", 
+                   boot = TRUE,
+                   boot.ci.type="perc", 
+                   conf.level=.95)
Running nonparametric bootstrap

> ## Running nonparametric bootstrap
> # Estimates mediation model (ACME, ADE, Total Effect, and Proportion Mediated), 
> # and 95% percentile bootstrap CI
> summary(med.out)

Causal Mediation Analysis 

Nonparametric Bootstrap Confidence Intervals with the Percentile Method

               Estimate 95% CI Lower 95% CI Upper p-value   
ACME            2.23496      0.68969      3.77048   0.006 **
ADE             0.52381     -1.73398      3.20039   0.680   
Total Effect    2.75877      0.66735      4.82191   0.008 **
Prop. Mediated  0.81013      0.19508      2.76684   0.014 * 
---
Signif. codes:  0 ‘***’ 0.001 ‘**’ 0.01 ‘*’ 0.05 ‘.’ 0.1 ‘ ’ 1

Sample Size Used: 43 


Simulations: 2000 

> 
> # Conduct correlated residuals method
> sens.out = medsens(med.out, rho.by = 0.01, effect.type = "indirect")
> 
> # Results correlated residuals method
> summary(sens.out)

Mediation Sensitivity Analysis for Average Causal Mediation Effect

Sensitivity Region

       Rho    ACME 95% CI Lower 95% CI Upper R^2_M*R^2_Y* R^2_M~R^2_Y~
 [1,] 0.13  1.5880      -0.0275       3.2035       0.0169       0.0076
 [2,] 0.14  1.5372      -0.0708       3.1453       0.0196       0.0088
 [3,] 0.15  1.4863      -0.1144       3.0870       0.0225       0.0101
 [4,] 0.16  1.4351      -0.1585       3.0288       0.0256       0.0115
 [5,] 0.17  1.3837      -0.2030       2.9704       0.0289       0.0129
 [6,] 0.18  1.3320      -0.2480       2.9120       0.0324       0.0145
 [7,] 0.19  1.2800      -0.2935       2.8535       0.0361       0.0162
 [8,] 0.20  1.2277      -0.3394       2.7948       0.0400       0.0179
 [9,] 0.21  1.1751      -0.3859       2.7361       0.0441       0.0197
[10,] 0.22  1.1221      -0.4330       2.6771       0.0484       0.0217
[11,] 0.23  1.0687      -0.4806       2.6181       0.0529       0.0237
[12,] 0.24  1.0150      -0.5288       2.5589       0.0576       0.0258
[13,] 0.25  0.9609      -0.5777       2.4994       0.0625       0.0280
[14,] 0.26  0.9063      -0.6273       2.4398       0.0676       0.0303
[15,] 0.27  0.8512      -0.6775       2.3800       0.0729       0.0326
[16,] 0.28  0.7957      -0.7285       2.3199       0.0784       0.0351
[17,] 0.29  0.7397      -0.7802       2.2596       0.0841       0.0377
[18,] 0.30  0.6831      -0.8328       2.1990       0.0900       0.0403
[19,] 0.31  0.6260      -0.8862       2.1381       0.0961       0.0430
[20,] 0.32  0.5683      -0.9404       2.0769       0.1024       0.0459
[21,] 0.33  0.5099      -0.9956       2.0154       0.1089       0.0488
[22,] 0.34  0.4509      -1.0517       1.9536       0.1156       0.0518
[23,] 0.35  0.3912      -1.1089       1.8914       0.1225       0.0549
[24,] 0.36  0.3309      -1.1671       1.8288       0.1296       0.0580
[25,] 0.37  0.2697      -1.2263       1.7657       0.1369       0.0613
[26,] 0.38  0.2078      -1.2868       1.7023       0.1444       0.0647
[27,] 0.39  0.1450      -1.3484       1.6384       0.1521       0.0681
[28,] 0.40  0.0813      -1.4114       1.5740       0.1600       0.0716
[29,] 0.41  0.0168      -1.4756       1.5091       0.1681       0.0753
[30,] 0.42 -0.0487      -1.5412       1.4437       0.1764       0.0790
[31,] 0.43 -0.1153      -1.6083       1.3778       0.1849       0.0828
[32,] 0.44 -0.1829      -1.6769       1.3112       0.1936       0.0867
[33,] 0.45 -0.2516      -1.7471       1.2440       0.2025       0.0907
[34,] 0.46 -0.3215      -1.8191       1.1761       0.2116       0.0947
[35,] 0.47 -0.3926      -1.8928       1.1076       0.2209       0.0989
[36,] 0.48 -0.4650      -1.9683       1.0383       0.2304       0.1032
[37,] 0.49 -0.5388      -2.0458       0.9683       0.2401       0.1075
[38,] 0.50 -0.6140      -2.1254       0.8974       0.2500       0.1119
[39,] 0.51 -0.6908      -2.2072       0.8257       0.2601       0.1165
[40,] 0.52 -0.7691      -2.2912       0.7530       0.2704       0.1211
[41,] 0.53 -0.8491      -2.3777       0.6794       0.2809       0.1258
[42,] 0.54 -0.9310      -2.4667       0.6048       0.2916       0.1306
[43,] 0.55 -1.0147      -2.5585       0.5291       0.3025       0.1354
[44,] 0.56 -1.1004      -2.6531       0.4523       0.3136       0.1404
[45,] 0.57 -1.1883      -2.7508       0.3742       0.3249       0.1455
[46,] 0.58 -1.2784      -2.8516       0.2949       0.3364       0.1506
[47,] 0.59 -1.3709      -2.9559       0.2141       0.3481       0.1559
[48,] 0.60 -1.4659      -3.0638       0.1319       0.3600       0.1612
[49,] 0.61 -1.5637      -3.1756       0.0482       0.3721       0.1666

Rho at which ACME = 0: 0.41
R^2_M*R^2_Y* at which ACME = 0: 0.1681
R^2_M~R^2_Y~ at which ACME = 0: 0.0753 

> 
> # Find rho values that change the significance of the ACME (d0) based on when 
> # the confidence band starts to contain 0 (ind.d0).
> output2 = data.frame(
+   d0 = sens.out[["d0"]],
+   rho = sens.out[["rho"]],
+   ind.d0 = sens.out[["ind.d0"]])
> 
> # Ask for the correlated residuals plot
> plot(sens.out, sens.par = "rho")
> abline(v = 0.39, col = "black", lty = 2, lwd = 1)
> abline(h = 0, col = "red", lty = 1, lwd = 1)
> 
> # Modify plot
> text(x = 1, y = 2.19, labels = "ACME = 2.19", col = "black", cex = 0.7, adj = c(1, -0.3))
> text(x = .39, y = -33, labels = expression(rho == .39), col = "black", cex = 0.7 , pos=2)
> 
> # Allow drawing outside plot region
> par(xpd = TRUE)
> 
> # Add text just outside the left margin of the plot
> text(x = par("usr")[1] - 0.12, y = 0, labels = "0", srt = 90, col = "red")